2026-10-05 10:35:09.181 [MainThread  ] main           INFO  ============================================================
2026-10-05 10:35:09.181 [MainThread  ] main           INFO  ROLLOVER MARKET DATA SERVER
2026-10-05 10:35:09.181 [MainThread  ] main           INFO  Date: 2026-10-05 10:35:09 IST
2026-10-05 10:35:09.183 [MainThread  ] main           INFO  Stocks: 19 | Total instruments: 57
2026-10-05 10:35:09.185 [MainThread  ] main           INFO  Market hours: 09:20 - 15:00 IST
2026-10-05 10:35:09.185 [MainThread  ] main           INFO  WebSocket: ws://127.0.0.1:8765
2026-10-05 10:35:09.185 [MainThread  ] main           INFO  ============================================================
2026-10-05 10:35:09.185 [MainThread  ] main           ERROR Arrow credentials not set. Set environment variables: ARROW_APP_ID, ARROW_APP_SECRET, ARROW_USER_ID, ARROW_PASSWORD, ARROW_TOTP_SECRET
2026-10-05 10:37:09.090 [MainThread  ] main           INFO  ============================================================
2026-10-05 10:37:09.090 [MainThread  ] main           INFO  ROLLOVER MARKET DATA SERVER
2026-10-05 10:37:09.090 [MainThread  ] main           INFO  Date: 2026-10-05 10:37:09 IST
2026-10-05 10:37:09.092 [MainThread  ] main           INFO  Stocks: 19 | Total instruments: 57
2026-10-05 10:37:09.092 [MainThread  ] main           INFO  Market hours: 09:20 - 15:00 IST
2026-10-05 10:37:09.092 [MainThread  ] main           INFO  WebSocket: ws://127.0.0.1:8765
2026-10-05 10:37:09.092 [MainThread  ] main           INFO  ============================================================
2026-10-05 10:37:09.092 [MainThread  ] main           ERROR Arrow credentials not set. Set environment variables: ARROW_APP_ID, ARROW_APP_SECRET, ARROW_USER_ID, ARROW_PASSWORD, ARROW_TOTP_SECRET
2026-10-05 10:37:48.265 [MainThread  ] main           INFO  ============================================================
2026-10-05 10:37:48.265 [MainThread  ] main           INFO  ROLLOVER MARKET DATA SERVER
2026-10-05 10:37:48.265 [MainThread  ] main           INFO  Date: 2026-10-05 10:37:48 IST
2026-10-05 10:37:48.265 [MainThread  ] main           INFO  Stocks: 19 | Total instruments: 57
2026-10-05 10:37:48.265 [MainThread  ] main           INFO  Market hours: 09:20 - 15:00 IST
2026-10-05 10:37:48.265 [MainThread  ] main           INFO  WebSocket: ws://127.0.0.1:8765
2026-10-05 10:37:48.265 [MainThread  ] main           INFO  ============================================================
2026-10-05 10:37:48.270 [MainThread  ] daily_reporter INFO  DailyReporter started
2026-10-05 10:37:48.272 [MainThread  ] main           INFO  Step 1/4: Logging into Arrow...
2026-10-05 10:37:49.189 [MainThread  ] arrow_connector INFO  Login OK: ANKIT ANAND SHARMA (token expires at AG5406)
2026-10-05 10:37:49.190 [MainThread  ] main           INFO  Step 2/4: Resolving instruments...
2026-10-05 10:37:53.406 [MainThread  ] arrow_connector INFO  Loaded 194015 instruments from master
2026-10-05 10:37:53.439 [MainThread  ] arrow_connector INFO  Future expiries: current=27-Oct-2026, next=23-Nov-2026
2026-10-05 10:37:53.653 [MainThread  ] arrow_connector INFO  Resolved 57/57 tokens
2026-10-05 10:37:53.730 [MainThread  ] main           INFO  Step 3/4: Starting WebSocket server...
2026-10-05 10:37:53.730 [MainThread  ] ws_server      INFO  WebSocket server thread starting on 127.0.0.1:8765
2026-10-05 10:37:53.764 [ws-server   ] websockets.server INFO  server listening on 127.0.0.1:8765
2026-10-05 10:37:53.764 [ws-server   ] ws_server      INFO  WebSocket server listening on ws://127.0.0.1:8765
2026-10-05 10:37:54.736 [MainThread  ] main           INFO  Step 4/4: Connecting Arrow data stream...
2026-10-05 10:37:54.739 [MainThread  ] arrow_connector INFO  Feed state: DISCONNECTED -> CONNECTING  (connecting data stream)
2026-10-05 10:37:54.739 [MainThread  ] main           INFO  ALL SYSTEMS RUNNING
2026-10-05 10:37:54.740 [MainThread  ] main           INFO    WebSocket: ws://127.0.0.1:8765
2026-10-05 10:37:54.740 [MainThread  ] main           INFO    Reports: C:\Users\Ankit\Desktop\RS FOLDER\rollover-react\market_data_server\reports
2026-10-05 10:37:54.740 [MainThread  ] main           INFO    Logs: C:\Users\Ankit\Desktop\RS FOLDER\rollover-react\market_data_server\logs
2026-10-05 10:37:54.835 [Thread-1 (run_forever)] websocket      INFO  Websocket connected
2026-10-05 10:37:54.836 [Thread-1 (run_forever)] arrow_connector INFO  WebSocket CONNECTED
2026-10-05 10:37:54.836 [Thread-1 (run_forever)] arrow_connector INFO  Feed state: CONNECTING -> CONNECTED  (ws connected)
2026-10-05 10:37:54.837 [Thread-1 (run_forever)] pyarrow_client.sockets INFO  Subscribed to 57 tokens in full mode
2026-10-05 10:37:54.837 [Thread-1 (run_forever)] arrow_connector INFO  Subscribed 57 tokens to DataMode.FULL
2026-10-05 10:37:54.837 [Thread-1 (run_forever)] arrow_connector INFO  Feed state: CONNECTED -> WAITING_FOR_FRESH_BOOKS  (waiting for first ticks)
2026-10-05 10:37:54.837 [Thread-1 (run_forever)] pyarrow_client.sockets INFO  DataStream connected
2026-10-05 10:37:54.837 [Thread-1 (run_forever)] pyarrow_client.sockets INFO  Subscribed to 57 tokens in full mode
2026-10-05 10:37:54.854 [Thread-1 (run_forever)] arrow_connector INFO  Price scale verified: paise (LTP raw=117720)
2026-10-05 10:37:54.857 [Thread-1 (run_forever)] arrow_connector INFO  Feed state: WAITING_FOR_FRESH_BOOKS -> HEALTHY  (46/57 tokens have fresh data)
2026-10-05 10:37:55.741 [MainThread  ] main           INFO  STATUS | state=HEALTHY | instruments=57/57 | fresh=57 stale=0 | ticks=180 | gaps=0 errors=0 | clients=0
2026-10-05 10:38:12.180 [ws-server   ] websockets.server INFO  connection open
2026-10-05 10:38:12.180 [ws-server   ] ws_server      INFO  Frontend client connected: ('127.0.0.1', 56422)
2026-10-05 10:38:25.757 [MainThread  ] main           INFO  STATUS | state=HEALTHY | instruments=57/57 | fresh=56 stale=1 | ticks=2411 | gaps=1 errors=0 | clients=1
2026-10-05 10:38:55.772 [MainThread  ] main           INFO  STATUS | state=HEALTHY | instruments=57/57 | fresh=57 stale=0 | ticks=4689 | gaps=2 errors=0 | clients=1
2026-10-05 10:39:25.792 [MainThread  ] main           INFO  STATUS | state=HEALTHY | instruments=57/57 | fresh=56 stale=1 | ticks=6983 | gaps=3 errors=0 | clients=1
2026-10-05 10:39:55.809 [MainThread  ] main           INFO  STATUS | state=HEALTHY | instruments=57/57 | fresh=57 stale=0 | ticks=9302 | gaps=3 errors=0 | clients=1
2026-10-05 10:40:25.827 [MainThread  ] main           INFO  STATUS | state=HEALTHY | instruments=57/57 | fresh=57 stale=0 | ticks=11608 | gaps=3 errors=0 | clients=1
2026-10-05 10:40:55.848 [MainThread  ] main           INFO  STATUS | state=HEALTHY | instruments=57/57 | fresh=57 stale=0 | ticks=13875 | gaps=3 errors=0 | clients=1
2026-10-05 10:41:25.868 [MainThread  ] main           INFO  STATUS | state=HEALTHY | instruments=57/57 | fresh=57 stale=0 | ticks=16083 | gaps=3 errors=0 | clients=1
2026-10-05 10:41:55.888 [MainThread  ] main           INFO  STATUS | state=HEALTHY | instruments=57/57 | fresh=57 stale=0 | ticks=18327 | gaps=3 errors=0 | clients=1
2026-10-05 10:42:25.906 [MainThread  ] main           INFO  STATUS | state=HEALTHY | instruments=57/57 | fresh=57 stale=0 | ticks=20600 | gaps=3 errors=0 | clients=1
2026-10-05 10:42:55.924 [MainThread  ] main           INFO  STATUS | state=HEALTHY | instruments=57/57 | fresh=57 stale=0 | ticks=22804 | gaps=3 errors=0 | clients=1
2026-10-05 10:43:25.936 [MainThread  ] main           INFO  STATUS | state=HEALTHY | instruments=57/57 | fresh=57 stale=0 | ticks=25072 | gaps=3 errors=0 | clients=1
2026-10-05 10:43:55.949 [MainThread  ] main           INFO  STATUS | state=HEALTHY | instruments=57/57 | fresh=57 stale=0 | ticks=27325 | gaps=3 errors=0 | clients=1
2026-10-05 10:44:25.963 [MainThread  ] main           INFO  STATUS | state=HEALTHY | instruments=57/57 | fresh=55 stale=2 | ticks=29509 | gaps=4 errors=0 | clients=1
2026-10-05 10:44:56.694 [MainThread  ] main           INFO  STATUS | state=HEALTHY | instruments=57/57 | fresh=57 stale=0 | ticks=31790 | gaps=4 errors=0 | clients=1
2026-10-05 10:45:26.710 [MainThread  ] main           INFO  STATUS | state=HEALTHY | instruments=57/57 | fresh=56 stale=1 | ticks=34020 | gaps=4 errors=0 | clients=1
2026-10-05 11:00:06.378 [MainThread  ] main           INFO  STATUS | state=HEALTHY | instruments=57/57 | fresh=0 stale=57 | ticks=34607 | gaps=4 errors=0 | clients=1
2026-10-05 11:00:06.381 [Thread-1 (run_forever)] pyarrow_client.sockets ERROR DataStream error: Connection to remote host was lost.
2026-10-05 11:00:06.468 [Thread-1 (run_forever)] arrow_connector ERROR WebSocket ERROR: Connection to remote host was lost.
2026-10-05 11:00:06.481 [Thread-1 (run_forever)] websocket      ERROR Connection to remote host was lost. - goodbye
2026-10-05 11:00:06.496 [Thread-1 (run_forever)] arrow_connector WARNING WebSocket CLOSED: code=None, msg=None
2026-10-05 11:00:06.503 [Thread-1 (run_forever)] arrow_connector INFO  Feed state: HEALTHY -> DISCONNECTED  (ws closed: None)
2026-10-05 11:00:06.505 [Thread-1 (run_forever)] arrow_connector INFO  Invalidated all snapshots (generation=1)
2026-10-05 11:00:06.518 [Thread-1 (run_forever)] arrow_connector WARNING WebSocket DISCONNECTED (SDK callback)
2026-10-05 11:00:06.526 [Thread-1 (run_forever)] arrow_connector INFO  Feed state: DISCONNECTED -> RECONNECTING  (ws disconnected)
2026-10-05 11:00:06.540 [Thread-1 (run_forever)] arrow_connector INFO  Invalidated all snapshots (generation=1)
2026-10-05 11:00:06.540 [Thread-1 (run_forever)] pyarrow_client.sockets INFO  DataStream disconnected
2026-10-05 11:00:06.551 [Thread-1 (run_forever)] arrow_connector INFO  WebSocket RECONNECTING: attempt=1, delay=0s
2026-10-05 11:00:06.551 [Thread-1 (run_forever)] arrow_connector INFO  Feed state: RECONNECTING -> WAITING_FOR_FRESH_BOOKS  (reconnect attempt=1 gen=2)
2026-10-05 11:00:06.567 [Thread-1 (run_forever)] arrow_connector INFO  Invalidated all snapshots (generation=2)
2026-10-05 11:00:06.577 [Thread-1 (run_forever)] pyarrow_client.sockets INFO  reconnecting immediately (attempt 1)...
2026-10-05 11:03:11.259 [MainThread  ] main           INFO  STATUS | state=WAITING_FOR_FRESH_BOOKS | instruments=0/57 | fresh=0 stale=0 | ticks=34607 | gaps=4 errors=0 | clients=1
2026-10-05 11:03:11.259 [Thread-247 (run_forever)] pyarrow_client.sockets ERROR DataStream error: Connection to remote host was lost.
2026-10-05 11:03:11.261 [Thread-247 (run_forever)] websocket      ERROR Connection to remote host was lost. - goodbye
2026-10-05 11:03:11.261 [Thread-247 (run_forever)] pyarrow_client.sockets INFO  DataStream disconnected
2026-10-05 11:03:11.261 [Thread-247 (run_forever)] pyarrow_client.sockets INFO  reconnecting immediately (attempt 2)...
2026-10-05 11:03:11.419 [Thread-248 (run_forever)] websocket      INFO  Websocket connected
2026-10-05 11:03:11.419 [Thread-248 (run_forever)] pyarrow_client.sockets INFO  DataStream connected
2026-10-05 11:03:11.419 [Thread-248 (run_forever)] pyarrow_client.sockets INFO  Subscribed to 57 tokens in full mode
2026-10-05 11:03:41.272 [MainThread  ] main           INFO  STATUS | state=WAITING_FOR_FRESH_BOOKS | instruments=0/57 | fresh=0 stale=0 | ticks=34607 | gaps=5 errors=0 | clients=1
2026-10-05 11:04:11.287 [MainThread  ] main           INFO  STATUS | state=WAITING_FOR_FRESH_BOOKS | instruments=0/57 | fresh=0 stale=0 | ticks=34607 | gaps=6 errors=0 | clients=1
2026-10-05 11:04:41.302 [MainThread  ] main           INFO  STATUS | state=WAITING_FOR_FRESH_BOOKS | instruments=0/57 | fresh=0 stale=0 | ticks=34607 | gaps=7 errors=0 | clients=1
2026-10-05 11:05:11.316 [MainThread  ] main           INFO  STATUS | state=WAITING_FOR_FRESH_BOOKS | instruments=0/57 | fresh=0 stale=0 | ticks=34607 | gaps=8 errors=0 | clients=1
2026-10-05 11:05:41.330 [MainThread  ] main           INFO  STATUS | state=WAITING_FOR_FRESH_BOOKS | instruments=0/57 | fresh=0 stale=0 | ticks=34607 | gaps=9 errors=0 | clients=1
2026-10-05 11:05:59.819 [ws-server   ] websockets.server INFO  connection closed
2026-10-05 11:05:59.824 [ws-server   ] ws_server      INFO  Frontend client disconnected: ('127.0.0.1', 56422)
2026-10-05 11:06:02.610 [MainThread  ] main           INFO  Shutdown signal received (2)
2026-10-05 11:06:03.341 [MainThread  ] main           INFO  Shutting down gracefully...
2026-10-05 11:06:03.341 [MainThread  ] arrow_connector INFO  Disconnecting Arrow streams...
2026-10-05 11:06:03.356 [Thread-248 (run_forever)] pyarrow_client.sockets INFO  DataStream disconnected
2026-10-05 11:06:03.356 [MainThread  ] arrow_connector INFO  Feed state: WAITING_FOR_FRESH_BOOKS -> DISCONNECTED  (manual disconnect)
2026-10-05 11:06:03.357 [MainThread  ] ws_server      INFO  WebSocket server shutting down...
2026-10-05 11:06:03.357 [ws-server   ] ws_server      ERROR WebSocket server error: Event loop stopped before Future completed.
Traceback (most recent call last):
  File "C:\Users\Ankit\Desktop\RS FOLDER\rollover-react\market_data_server\ws_server.py", line 76, in _run_loop
    self._loop.run_until_complete(_startup())
  File "C:\Users\Ankit\AppData\Local\Programs\Python\Python312\Lib\asyncio\base_events.py", line 682, in run_until_complete
    raise RuntimeError('Event loop stopped before Future completed.')
RuntimeError: Event loop stopped before Future completed.
2026-10-05 11:06:03.370 [MainThread  ] ws_server      INFO  WebSocket server stopped. Broadcasts=7088, Ticks sent=34607, Dropped=0
2026-10-05 11:06:03.370 [MainThread  ] daily_reporter INFO  DailyReporter stopping...
2026-10-05 11:06:03.371 [MainThread  ] daily_reporter INFO  Daily report saved: C:\Users\Ankit\Desktop\RS FOLDER\rollover-react\market_data_server\reports\report_20261005.txt
2026-10-05 11:06:03.373 [MainThread  ] daily_reporter INFO  Daily report JSON saved: C:\Users\Ankit\Desktop\RS FOLDER\rollover-react\market_data_server\reports\report_20261005.json
2026-10-05 11:06:03.373 [MainThread  ] main           INFO  
============================================================
  DAILY OPERATIONS REPORT — 2026-10-05
============================================================

VERDICT: FAILED
  !! 1 WebSocket error(s) from Arrow SDK
  !! 6 long data gap(s) >60s (worst: 1242.4s at 11:05:55)
  !! 10 data gap(s) >10s detected

SESSION
  Start:     2026-10-05 10:37:48 IST
  End:       2026-10-05 11:06:03 IST
  Duration:  0h 28m 15s
  Total ticks received: 34,607

FEED HEALTH
  Final state:        FeedState.DISCONNECTED
  State transitions:  8
  WS close events:    1
  WS disconnects:     1
  WS errors:          1
  Reconnections:      1
  Reconnect exhausted: No
  Generation changes: 1

WS CLOSE EVENTS (why Arrow disconnected us)
  [11:00:06] code=None (no code — abnormal termination) — None

WS ERRORS (Arrow SDK errors)
  [11:00:06] Connection to remote host was lost.

STATE TRANSITIONS
  [10:37:54] FeedState.DISCONNECTED -> FeedState.CONNECTING  (connecting data stream)
  [10:37:54] FeedState.CONNECTING -> FeedState.CONNECTED  (ws connected)
  [10:37:54] FeedState.CONNECTED -> FeedState.WAITING_FOR_FRESH_BOOKS  (waiting for first ticks)
  [10:37:54] FeedState.WAITING_FOR_FRESH_BOOKS -> FeedState.HEALTHY  (46/57 tokens have fresh data)
  [11:00:06] FeedState.HEALTHY -> FeedState.DISCONNECTED  (ws closed: None)
  [11:00:06] FeedState.DISCONNECTED -> FeedState.RECONNECTING  (ws disconnected)
  [11:00:06] FeedState.RECONNECTING -> FeedState.WAITING_FOR_FRESH_BOOKS  (reconnect attempt=1 gen=2)
  [11:06:03] FeedState.WAITING_FOR_FRESH_BOOKS -> FeedState.DISCONNECTED  (manual disconnect)

RECONNECTIONS
  [11:00:06] attempt=1, delay=0s, gen=2

DATA GAPS
  Total gap events: 10
  Significant (>30s): 6
    [11:03:25] 1092.3s silence — 57 tokens
    [11:03:55] 1122.3s silence — 57 tokens
    [11:04:25] 1152.3s silence — 57 tokens
    [11:04:55] 1182.3s silence — 57 tokens
    [11:05:25] 1212.3s silence — 57 tokens
    [11:05:55] 1242.4s silence — 57 tokens
  All gap events (>10s):
    [10:38:18] 12.1s — 1 tokens
    [10:38:48] 19.0s — 1 tokens
    [10:39:18] 11.6s — 1 tokens
    [10:44:18] 13.2s — 1 tokens
    [11:03:25] 1092.3s — 57 tokens
    [11:03:55] 1122.3s — 57 tokens
    [11:04:25] 1152.3s — 57 tokens
    [11:04:55] 1182.3s — 57 tokens
    [11:05:25] 1212.3s — 57 tokens
    [11:05:55] 1242.4s — 57 tokens

PER-TOKEN GAP FREQUENCY (which instruments had issues)
  61484 (AMBUJACEM future next): 10 gap events
  2885 (RELIANCE cash): 6 gap events
  48987 (RELIANCE future current): 6 gap events
  61697 (RELIANCE future next): 6 gap events
  15083 (ADANIPORTS cash): 6 gap events
  48718 (ADANIPORTS future current): 6 gap events
  61480 (ADANIPORTS future next): 6 gap events
  14418 (ASTRAL cash): 6 gap events
  48733 (ASTRAL future current): 6 gap events
  61490 (ASTRAL future next): 6 gap events

TICK RATE (5-min buckets)
  10:30    34,607 ticks  ##################################################
  Avg rate: 1225 ticks/min

ERRORS
  None

CLIENT CONNECTIONS
  Total connections:     1
  Total disconnections:  1
  Peak concurrent:       1

WS BROADCAST
  Broadcasts:    7,088
  Ticks sent:    34,607
  Queue drops:   0

TOKEN COVERAGE
  Tokens with data: 57
  Fewest ticks:
    61484 (AMBUJACEM future next): 146 ticks
    48725 (AMBUJACEM future current): 259 ticks
    61508 (BANDHANBANK future next): 264 ticks
    48741 (BANDHANBANK future current): 402 ticks
    1270 (AMBUJACEM cash): 458 ticks
  Most ticks:
    3499 (TATASTEEL cash): 940 ticks
    1333 (HDFCBANK cash): 971 ticks
    2885 (RELIANCE cash): 972 ticks

2026-10-05 11:06:03.373 [MainThread  ] main           INFO  ============================================================
2026-10-05 11:06:03.373 [MainThread  ] main           INFO  SERVER STOPPED
2026-10-05 11:06:03.373 [MainThread  ] main           INFO  Final stats: {'state': 'DISCONNECTED', 'generation': 2, 'total_tokens': 57, 'instruments_with_data': 0, 'fresh': 0, 'stale_10s': 0, 'tick_count': 34607, 'current_expiry': '27-Oct-2026', 'next_expiry': '23-Nov-2026'}
2026-10-05 11:06:03.373 [MainThread  ] main           INFO  ============================================================
2026-10-05 11:06:03.384 [MainThread  ] asyncio        ERROR Task was destroyed but it is pending!
task: <Task pending name='Task-2' coro=<WebSocketServer._broadcast_loop() running at C:\Users\Ankit\Desktop\RS FOLDER\rollover-react\market_data_server\ws_server.py:152> wait_for=<Future finished result=None>>
2026-10-05 11:06:03.385 [MainThread  ] asyncio        ERROR Task was destroyed but it is pending!
task: <Task pending name='Task-6' coro=<IocpProactor.accept.<locals>.accept_coro() running at C:\Users\Ankit\AppData\Local\Programs\Python\Python312\Lib\asyncio\windows_events.py:561> wait_for=<_OverlappedFuture cancelled>>
2026-10-05 11:06:03.386 [MainThread  ] asyncio        ERROR Task was destroyed but it is pending!
task: <Task pending name='Task-3' coro=<WebSocketServer._health_loop() running at C:\Users\Ankit\Desktop\RS FOLDER\rollover-react\market_data_server\ws_server.py:190> wait_for=<Future pending cb=[Task.task_wakeup()]>>
